# package/openwrt/ownership.map - machine-readable граница владения.
# Формат: "<target-path> <owner>". Классы:
#   package  — ставит opkg, z2k-апдейтер эти пути НЕ пишет никогда
#              (обновляются только вместе с пакетом; conffiles нет осознанно).
#   updater  — развозит z2k install_map (openwrt-line), opkg их НЕ поставляет
#              напрямую (только внутри share/seed.tar.gz как bootstrap-seed;
#              сам tarball — package-owned артефакт сборки, его содержимое —
#              updater-owned с момента извлечения; seed извлекается только без
#              marker, см. z2k_ow_seed_ensure).
#   user     — человеческие данные. Пакет НЕ поставляет (bootstrap создаёт
#              если отсутствует, никогда не перезаписывает); апдейтер может
#              MERGE (extra-domains), но не blind-overwrite.
#   install-meta — installation metadata (НЕ user config!): пишет bootstrap
#              (marker/tag) и updater (tag/dirty/fails); пакет НЕ поставляет
#              (создаётся на месте); uninstall УДАЛЯЕТ active (marker/tag/
#              dirty/fails), иначе они утверждали бы ложь о снесённом payload.
#   trust    — TOFU канала (публичный pin первого verified fetch). Пишет
#              updater; переживает uninstall (ослаблять ratchet нельзя).
#   daemon-state — публикует runtime (+ правит человек): autocircular state,
#              sni/tcp16 карты. Переживает всё (upgrade/update/
#              uninstall); purge — только вручную.
# Допускаются glob-суффиксы /* (поддерево целиком).
# Конфликт package∩updater (точные пути) = PACKAGE_UPDATER_OWNERSHIP_CONFLICT,
# сторожит tests/openwrt/test_ow_ownership_map.sh.
/etc/init.d/z2k package
/etc/hotplug.d/iface/90-z2k package
/etc/sysctl.d/99-z2k.conf package
/usr/lib/z2k/platform/openwrt/paths.sh package
/usr/lib/z2k/platform/openwrt/env.sh package
/usr/lib/z2k/platform/openwrt/manifest.sh package
/usr/lib/z2k/platform/openwrt/optbase.sh package
/usr/lib/z2k/platform/openwrt/generate.sh package
/usr/lib/z2k/platform/openwrt/bootstrap.sh package
/usr/lib/z2k/platform/openwrt/state.sh package
/usr/lib/z2k/platform/openwrt/materialize.sh package
/usr/lib/z2k/platform/openwrt/firewall.sh package
/usr/lib/z2k/platform/openwrt/fw-check.sh package
/usr/lib/z2k/platform/openwrt/uci.sh package
/usr/lib/z2k/platform/openwrt/arch.sh package
/usr/lib/z2k/platform/openwrt/pkg.sh package
/usr/lib/z2k/platform/openwrt/update.sh package
/usr/lib/z2k/platform/openwrt/schedule.sh package
/usr/lib/z2k/platform/openwrt/uninstall.sh package
/usr/lib/z2k/platform/openwrt/tg.sh package
/usr/lib/z2k/platform/openwrt/tg-check.sh package
/usr/lib/z2k/platform/openwrt/rt.sh package
/usr/lib/z2k/platform/openwrt/rt-proc.sh package
/usr/lib/z2k/platform/openwrt/rt-check.sh package
/usr/lib/z2k/platform/openwrt/warp.sh package
/usr/lib/z2k/platform/openwrt/warp-proc.sh package
/usr/lib/z2k/platform/openwrt/warp-check.sh package
/usr/lib/z2k/platform/openwrt/diag.sh package
/usr/lib/z2k/platform/openwrt/webpanel.sh package
/usr/lib/z2k/platform/openwrt/reinstall.sh package
/etc/init.d/z2k-webpanel package
/usr/lib/z2k/share/config.default package
/usr/lib/z2k/z2k-diag.sh package
/usr/lib/z2k/share/seed.tar.gz package
# Adapter API (Stage 7 §6): ставит пакет из package/openwrt/ADAPTER_API;
# updater/installer/reinstall его НИКОГДА не пишут.
/usr/lib/z2k/share/adapter.api package
# Package-owned expectation for the updater-owned CGI/static payload. This is
# a contract marker, not a second copy of the panel.
/usr/lib/z2k/share/panel.api package
# Snapshot truth сборки (manifest+commit для fresh-provisioning без канала):
# кладёт Build/Prepare пакета, updater не пишет, читает ensure-binaries.
/usr/lib/z2k/share/snapshot-manifest.json package
/usr/lib/z2k/share/snapshot-commit package
# seed.meta едет ВНУТРИ tarball (build-факт о содержимом): updater-owned с
# момента извлечения (апдейтер её не правит — только читает при re-seed).
/usr/lib/z2k/share/seed.meta updater
# payload.meta — живая версия payload: seed кладёт стартовую копию, updater
# перезаписывает при каждом успешном converge ДО installed-tag (порядок
# [files -> meta -> tag]). updater-owned.
/usr/lib/z2k/share/payload.meta updater
/etc/z2k/config user
/etc/z2k/user-lists/* user
/etc/z2k/.payload-initialized install-meta
/etc/z2k/state/installed-tag install-meta
/etc/z2k/state/dirty-tree install-meta
/etc/z2k/state/au-delivery-fails install-meta
/etc/z2k/state/quic-pool-key-migrated install-meta
/etc/z2k/.trust/pinned trust
/etc/z2k/state/state.tsv daemon-state
/etc/z2k/state/tcp16_asn.txt daemon-state
/etc/z2k/state/tcp16_sni.txt daemon-state
# WARP device identity (Stage 5): пишет register/binary; переживает
# disable/remove-binary/upgrade/update/reinstall; purge — только вручную.
# НЕ user config (человек не правит), НЕ updater payload, НЕ install-meta
# (uninstall её НЕ удаляет — иначе reinstall заводил бы новое устройство).
/etc/z2k/state/warp/device.json daemon-state
# Webpanel (Stage 6): common CGI/static/template — UPDATER (UI-правки едут
# подписанным апдейтером); glue/init — PACKAGE; настройки — USER;
# сгенерированный конфиг/логи/pid — TRANSIENT (tmpfs).
/usr/lib/z2k/webpanel/* updater
/usr/lib/z2k/www/* updater
/etc/z2k/webpanel/* user
# zapret2 dataplane (runtime closure): ставит ПАКЕТ z2k-zapret2-runtime
# (package/z2k-runtime), класс package — apk-owned, updater эти пути НЕ пишет
# никогда (обновляются только вместе с runtime-пакетом; conffiles нет:
# пользовательских настроек внутри нет, конфиг демона — /etc/z2k/config).
/opt/zapret2/* package
